---
source: src/tests/regenerate_unaudited.rs
expression: exemptions
---
[[third-party1]]
version = "5.0.0"
criteria = "safe-to-deploy"

[[third-party2]]
version = "10.0.0"
criteria = "safe-to-deploy"

[[transitive-third-party1]]
version = "5.0.0"
criteria = "safe-to-deploy"

[[transitive-third-party1]]
version = "5.0.0"
criteria = "safe-to-run"
suggest = false

