---
source: src/tests/vet.rs
expression: json
---
{
  "conclusion": "success",
  "vetted_fully": [
    {
      "name": "third-dev",
      "version": "10.0.0"
    },
    {
      "name": "third-normal",
      "version": "10.0.0"
    }
  ],
  "vetted_partially": [],
  "vetted_with_exemptions": []
}
