---
source: src/tests/import.rs
expression: output
---
 [[audits.peer-company.audits.third-party2]]
 criteria = "safe-to-deploy"
 version = "9.0.0"
 
+[[audits.peer-company.audits.third-party2]]
+criteria = "safe-to-deploy"
+delta = "9.0.0 -> 10.0.0"
+
 [audits.rival-company.audits]
