---
source: src/tests/vet.rs
expression: json
---
{
  "context": null,
  "conclusion": "fail (vetting)",
  "failures": [
    {
      "name": "third-party1",
      "version": "10.0.0",
      "missing_criteria": [
        "reviewed"
      ]
    },
    {
      "name": "third-party2",
      "version": "10.0.0",
      "missing_criteria": [
        "reviewed"
      ]
    },
    {
      "name": "transitive-third-party1",
      "version": "10.0.0",
      "missing_criteria": [
        "reviewed"
      ]
    }
  ],
  "suggest": {
    "suggestions": [
      {
        "name": "third-party1",
        "notable_parents": "first-party",
        "suggested_criteria": [
          "reviewed"
        ],
        "suggested_diff": {
          "from": null,
          "to": "10.0.0",
          "diffstat": {
            "insertions": 100,
            "deletions": 0,
            "files_changed": 1
          }
        },
        "confident": true
      },
      {
        "name": "third-party2",
        "notable_parents": "first-party",
        "suggested_criteria": [
          "reviewed"
        ],
        "suggested_diff": {
          "from": null,
          "to": "10.0.0",
          "diffstat": {
            "insertions": 100,
            "deletions": 0,
            "files_changed": 1
          }
        },
        "confident": true
      },
      {
        "name": "transitive-third-party1",
        "notable_parents": "third-party1",
        "suggested_criteria": [
          "reviewed"
        ],
        "suggested_diff": {
          "from": null,
          "to": "10.0.0",
          "diffstat": {
            "insertions": 100,
            "deletions": 0,
            "files_changed": 1
          }
        },
        "confident": false
      }
    ],
    "suggest_by_criteria": {
      "reviewed": [
        {
          "name": "third-party1",
          "notable_parents": "first-party",
          "suggested_criteria": [
            "reviewed"
          ],
          "suggested_diff": {
            "from": null,
            "to": "10.0.0",
            "diffstat": {
              "insertions": 100,
              "deletions": 0,
              "files_changed": 1
            }
          },
          "confident": true
        },
        {
          "name": "third-party2",
          "notable_parents": "first-party",
          "suggested_criteria": [
            "reviewed"
          ],
          "suggested_diff": {
            "from": null,
            "to": "10.0.0",
            "diffstat": {
              "insertions": 100,
              "deletions": 0,
              "files_changed": 1
            }
          },
          "confident": true
        },
        {
          "name": "transitive-third-party1",
          "notable_parents": "third-party1",
          "suggested_criteria": [
            "reviewed"
          ],
          "suggested_diff": {
            "from": null,
            "to": "10.0.0",
            "diffstat": {
              "insertions": 100,
              "deletions": 0,
              "files_changed": 1
            }
          },
          "confident": false
        }
      ]
    },
    "total_lines": 300
  }
}
