---
source: src/tests/vet.rs
expression: json
---
{
  "certify_web_gui_data": null,
  "conclusion": "fail (vetting)",
  "failures": [
    {
      "missing_criteria": [
        "safe-to-deploy"
      ],
      "name": "transitive-third-party1",
      "version": "10.0.0"
    }
  ],
  "suggest": {
    "suggest_by_criteria": {
      "safe-to-deploy": [
        {
          "name": "transitive-third-party1",
          "notable_parents": "third-party1",
          "suggested_criteria": [
            "safe-to-deploy"
          ],
          "suggested_diff": {
            "diffstat": {
              "count": 100,
              "raw": "+100"
            },
            "from": null,
            "to": "10.0.0"
          }
        }
      ]
    },
    "suggestions": [
      {
        "name": "transitive-third-party1",
        "notable_parents": "third-party1",
        "suggested_criteria": [
          "safe-to-deploy"
        ],
        "suggested_diff": {
          "diffstat": {
            "count": 100,
            "raw": "+100"
          },
          "from": null,
          "to": "10.0.0"
        }
      }
    ],
    "total_lines": 100
  }
}
