---
source: src/tests/regenerate_unaudited.rs
expression: exemptions
---
[[third-core]]
version = "5.0.0"
criteria = "safe-to-deploy"

[[third-core]]
version = "10.0.0"
criteria = "safe-to-deploy"

