---
source: src/tests/violations.rs
expression: json
---
{
  "context": null,
  "conclusion": "fail (violation)",
  "violations": {
    "dev:10.0.0": [
      {
        "AuditConflict": {
          "violation_source": "Local",
          "violation": {
            "criteria": "safe-to-run",
            "version": null,
            "delta": null,
            "violation": "*",
            "notes": null
          },
          "audit_source": "Local",
          "audit": {
            "criteria": "safe-to-deploy",
            "version": "10.0.0",
            "delta": null,
            "violation": null,
            "notes": null
          }
        }
      }
    ]
  }
}
