---
source: src/tests/vet.rs
expression: json
---
{
  "conclusion": "success",
  "vetted_fully": [],
  "vetted_partially": [],
  "vetted_with_exemptions": [
    {
      "name": "dev-cycle",
      "version": "10.0.0"
    },
    {
      "name": "normal",
      "version": "10.0.0"
    }
  ]
}
