---
source: src/tests/violations.rs
expression: json
---
{
  "conclusion": "success",
  "vetted_fully": [
    {
      "name": "build",
      "version": "10.0.0"
    },
    {
      "name": "build-proc-macro",
      "version": "10.0.0"
    },
    {
      "name": "dev",
      "version": "10.0.0"
    },
    {
      "name": "dev-proc-macro",
      "version": "10.0.0"
    },
    {
      "name": "normal",
      "version": "10.0.0"
    },
    {
      "name": "proc-macro",
      "version": "10.0.0"
    }
  ],
  "vetted_partially": [],
  "vetted_with_exemptions": []
}
