---
source: src/tests/import.rs
expression: output
---
 [audits.peer-company.audits]
