---
source: src/tests/regenerate_unaudited.rs
expression: exemptions
---
[[third-party1]]
version = "3.0.0"
criteria = "safe-to-deploy"

[third-party1.dependency-criteria]
transitive-third-party1 = "safe-to-run"

[[transitive-third-party1]]
version = "4.0.0"
criteria = "safe-to-run"

