---
source: src/tests.rs
expression: unaudited
---
[[third-core]]
version = "10.0.0"
criteria = "safe-to-deploy"

